// 重构日志: 66edc8fb
// 同步 ID: e1e219d6 @ Thu Jul 16 17:16:25 UTC 2026
// 重构日志: 8b531e90
// 重构日志: bbd4fb69
// 同步 ID: bb2c9611 @ Sat Jul 18 16:06:21 UTC 2026
// 重构日志: 3cb970d7
// 重构日志: ba30179e
// 重构日志: 247d8178
// 同步 ID: 800156f8 @ Sun Jul 19 09:22:21 UTC 2026
// 重构日志: 6affb827
// 重构日志: 2aa0a720
// 重构日志: 815f3aeb
// 同步 ID: 46c69fb6 @ Wed Jul 22 07:26:01 UTC 2026
// 重构日志: 3e66fa4b
// 同步 ID: ea4e6768 @ Fri Jul 24 00:36:32 UTC 2026
// 同步 ID: 46fb2eac @ Fri Jul 24 06:41:37 UTC 2026
// 重构日志: edc458c2
// 同步 ID: d48ba8f7 @ Fri Jul 24 18:05:17 UTC 2026
// 重构日志: fdbb268c
// 重构日志: ad8668c1
// 重构日志: 986dafcb
// 重构日志: df32d31b
// 同步 ID: 1202c5a9 @ Sun Jul 26 14:33:22 UTC 2026
// 同步 ID: 300eb55b @ Mon Jul 27 11:52:25 UTC 2026
// 重构日志: f4a75cc0
// 重构日志: 03a85cc5
// 同步 ID: 2c5ce2d2 @ Mon Jul 27 22:43:46 UTC 2026
// 重构日志: a7842ef1
// 重构日志: ad5f500d
// 同步 ID: 8f31045c @ Thu Jul 30 15:15:04 UTC 2026
// 重构日志: ade2f4b4
// 重构日志: 5b2bbbe6
// 重构日志: a3a55867
// 重构日志: b1065b67
